
> student-study-app@1.0.0 test
> jest src/store/__tests__/timerStore.test.ts

  console.warn
    ProgressBarAndroid has been extracted from react-native core and will be removed in a future release. It can now be installed and imported from '@react-native-community/progress-bar-android' instead of 'react-native'. See https://github.com/react-native-progress-view/progress-bar-android

    [0m [90m 22 |[39m jest[33m.[39mmock([32m'react-native'[39m[33m,[39m () [33m=>[39m {
     [90m 23 |[39m     [36mconst[39m actual [33m=[39m jest[33m.[39mrequireActual([32m'react-native'[39m)[33m;[39m
    [31m[1m>[22m[39m[90m 24 |[39m     [36mreturn[39m {
     [90m    |[39m     [31m[1m^[22m[39m
     [90m 25 |[39m         [33m...[39mactual[33m,[39m
     [90m 26 |[39m         [33mVibration[39m[33m:[39m {
     [90m 27 |[39m             vibrate[33m:[39m jest[33m.[39mfn()[33m,[39m[0m

      at warn (node_modules/react-native/Libraries/Utilities/warnOnce.js:27:11)
      at Object.warnOnce [as ProgressBarAndroid] (node_modules/react-native/index.js:73:5)
          at Function.assign (<anonymous>)
      at assign (src/store/__tests__/timerStore.test.ts:24:5)
      at Object.require (node_modules/react-native/node_modules/@react-native/virtualized-lists/Lists/VirtualizedListCellRenderer.js:23:1)
      at Object.require (node_modules/react-native/node_modules/@react-native/virtualized-lists/Lists/VirtualizedList.js:36:1)
      at Object.require [as VirtualizedList] (node_modules/react-native/node_modules/@react-native/virtualized-lists/index.js:46:12)
      at Object.VirtualizedList (node_modules/react-native/Libraries/Lists/FlatList.js:33:42)
      at Object.require [as FlatList] (node_modules/react-native/index.js:46:12)
          at Function.assign (<anonymous>)
      at assign (src/store/__tests__/timerStore.test.ts:24:5)
      at Object.require (node_modules/@testing-library/react-native/src/helpers/accessibility.ts:2:1)
      at Object.require (node_modules/@testing-library/react-native/src/matchers/to-be-busy.ts:5:1)
      at Object.require (node_modules/@testing-library/react-native/src/matchers/extend-expect.ts:1:1)
      at Object.require (node_modules/@testing-library/react-native/src/index.ts:2:1)
      at Object.require (src/store/__tests__/timerStore.test.ts:1:1)

  console.warn
    SafeAreaView has been deprecated and will be removed in a future release. Please use 'react-native-safe-area-context' instead. See https://github.com/th3rdwave/react-native-safe-area-context

    [0m [90m 22 |[39m jest[33m.[39mmock([32m'react-native'[39m[33m,[39m () [33m=>[39m {
     [90m 23 |[39m     [36mconst[39m actual [33m=[39m jest[33m.[39mrequireActual([32m'react-native'[39m)[33m;[39m
    [31m[1m>[22m[39m[90m 24 |[39m     [36mreturn[39m {
     [90m    |[39m     [31m[1m^[22m[39m
     [90m 25 |[39m         [33m...[39mactual[33m,[39m
     [90m 26 |[39m         [33mVibration[39m[33m:[39m {
     [90m 27 |[39m             vibrate[33m:[39m jest[33m.[39mfn()[33m,[39m[0m

      at warn (node_modules/react-native/Libraries/Utilities/warnOnce.js:27:11)
      at Object.warnOnce [as SafeAreaView] (node_modules/react-native/index.js:92:5)
          at Function.assign (<anonymous>)
      at assign (src/store/__tests__/timerStore.test.ts:24:5)
      at Object.require (node_modules/react-native/node_modules/@react-native/virtualized-lists/Lists/VirtualizedListCellRenderer.js:23:1)
      at Object.require (node_modules/react-native/node_modules/@react-native/virtualized-lists/Lists/VirtualizedList.js:36:1)
      at Object.require [as VirtualizedList] (node_modules/react-native/node_modules/@react-native/virtualized-lists/index.js:46:12)
      at Object.VirtualizedList (node_modules/react-native/Libraries/Lists/FlatList.js:33:42)
      at Object.require [as FlatList] (node_modules/react-native/index.js:46:12)
          at Function.assign (<anonymous>)
      at assign (src/store/__tests__/timerStore.test.ts:24:5)
      at Object.require (node_modules/@testing-library/react-native/src/helpers/accessibility.ts:2:1)
      at Object.require (node_modules/@testing-library/react-native/src/matchers/to-be-busy.ts:5:1)
      at Object.require (node_modules/@testing-library/react-native/src/matchers/extend-expect.ts:1:1)
      at Object.require (node_modules/@testing-library/react-native/src/index.ts:2:1)
      at Object.require (src/store/__tests__/timerStore.test.ts:1:1)

  console.warn
    Clipboard has been extracted from react-native core and will be removed in a future release. It can now be installed and imported from '@react-native-clipboard/clipboard' instead of 'react-native'. See https://github.com/react-native-clipboard/clipboard

    [0m [90m 22 |[39m jest[33m.[39mmock([32m'react-native'[39m[33m,[39m () [33m=>[39m {
     [90m 23 |[39m     [36mconst[39m actual [33m=[39m jest[33m.[39mrequireActual([32m'react-native'[39m)[33m;[39m
    [31m[1m>[22m[39m[90m 24 |[39m     [36mreturn[39m {
     [90m    |[39m     [31m[1m^[22m[39m
     [90m 25 |[39m         [33m...[39mactual[33m,[39m
     [90m 26 |[39m         [33mVibration[39m[33m:[39m {
     [90m 27 |[39m             vibrate[33m:[39m jest[33m.[39mfn()[33m,[39m[0m

      at warn (node_modules/react-native/Libraries/Utilities/warnOnce.js:27:11)
      at Object.warnOnce [as Clipboard] (node_modules/react-native/index.js:181:5)
          at Function.assign (<anonymous>)
      at assign (src/store/__tests__/timerStore.test.ts:24:5)
      at Object.require (node_modules/react-native/node_modules/@react-native/virtualized-lists/Lists/VirtualizedListCellRenderer.js:23:1)
      at Object.require (node_modules/react-native/node_modules/@react-native/virtualized-lists/Lists/VirtualizedList.js:36:1)
      at Object.require [as VirtualizedList] (node_modules/react-native/node_modules/@react-native/virtualized-lists/index.js:46:12)
      at Object.VirtualizedList (node_modules/react-native/Libraries/Lists/FlatList.js:33:42)
      at Object.require [as FlatList] (node_modules/react-native/index.js:46:12)
          at Function.assign (<anonymous>)
      at assign (src/store/__tests__/timerStore.test.ts:24:5)
      at Object.require (node_modules/@testing-library/react-native/src/helpers/accessibility.ts:2:1)
      at Object.require (node_modules/@testing-library/react-native/src/matchers/to-be-busy.ts:5:1)
      at Object.require (node_modules/@testing-library/react-native/src/matchers/extend-expect.ts:1:1)
      at Object.require (node_modules/@testing-library/react-native/src/index.ts:2:1)
      at Object.require (src/store/__tests__/timerStore.test.ts:1:1)

npm : FAIL 
src/store/__tests__/timerStore.test.ts
At line:1 char:1
+ npm test 
src/store/__tests__/timerStore.test.ts > 
test_output.txt 2>& ...
+ ~~~~~~~~~~~~~~~~~~~~~~~~~~~~~~~~~~~~~~~~~~~~
~~~~~~~~~~~~~~~~~~~~~~~~~
    + CategoryInfo          : NotSpecified: ( 
   FAIL src/store/...erStore.test.ts:String)  
   [], RemoteException
    + FullyQualifiedErrorId : NativeCommandEr 
   ror
 
  ΓùÅ Test suite failed to run

    Invariant Violation: 
TurboModuleRegistry.getEnforcing(...): 
'DevMenu' could not be found. Verify that a 
module by this name is registered in the 
native binary.

    [0m [90m 22 |[39m jest[33m.[39mmock(
[32m'react-native'[39m[33m,[39m () 
[33m=>[39m {
     [90m 23 |[39m     [36mconst[39m 
actual [33m=[39m jest[33m.[39mrequireActua
l([32m'react-native'[39m)[33m;[39m
    [31m[1m>[22m[39m[90m 24 |[39m     
[36mreturn[39m {
     [90m    |[39m     [31m[1m^[22m[39m
     [90m 25 |[39m         
[33m...[39mactual[33m,[39m
     [90m 26 |[39m         
[33mVibration[39m[33m:[39m {
     [90m 27 |[39m             
vibrate[33m:[39m 
jest[33m.[39mfn()[33m,[39m[0m

      at invariant 
(node_modules/invariant/invariant.js:40:15)
      at Object.getEnforcing (node_modules/rea
ct-native/Libraries/TurboModule/TurboModuleReg
istry.js:47:12)
      at Object.getEnforcing (node_modules/rea
ct-native/src/private/devsupport/devmenu/specs
/NativeDevMenu.js:22:37)
      at Object.require (node_modules/react-na
tive/src/private/devsupport/devmenu/DevMenu.js
:11:1)
      at Object.require 
(node_modules/react-native/index.js:202:12)
          at Function.assign (<anonymous>)
      at assign 
(src/store/__tests__/timerStore.test.ts:24:5)
      at Object.require (node_modules/react-na
tive/node_modules/@react-native/virtualized-li
sts/Lists/VirtualizedListCellRenderer.js:23:1)
      at Object.require (node_modules/react-na
tive/node_modules/@react-native/virtualized-li
sts/Lists/VirtualizedList.js:36:1)
      at Object.require [as VirtualizedList] (
node_modules/react-native/node_modules/@react-
native/virtualized-lists/index.js:46:12)
      at Object.VirtualizedList (node_modules/
react-native/Libraries/Lists/FlatList.js:33:42
)
      at Object.require [as FlatList] 
(node_modules/react-native/index.js:46:12)
          at Function.assign (<anonymous>)
      at assign 
(src/store/__tests__/timerStore.test.ts:24:5)
      at Object.require (node_modules/@testing
-library/react-native/src/helpers/accessibilit
y.ts:2:1)
      at Object.require (node_modules/@testing
-library/react-native/src/matchers/to-be-busy.
ts:5:1)
      at Object.require (node_modules/@testing
-library/react-native/src/matchers/extend-expe
ct.ts:1:1)
      at Object.require (node_modules/@testing
-library/react-native/src/index.ts:2:1)
      at Object.require 
(src/store/__tests__/timerStore.test.ts:1:1)

Test Suites: 1 failed, 1 total
Tests:       0 total
Snapshots:   0 total
Time:        1.056 s
Ran all test suites matching 
/src\\store\\__tests__\\timerStore.test.ts/i.
